<?xml version="1.0" encoding="UTF-8" ?>
<testsuites name="vitest tests" tests="2" failures="0" errors="0" time="0.083318208">
    <testsuite name="test/app.test.ts" timestamp="2026-05-18T11:57:35.480Z" hostname="chenqiaoxuandeMacBook-Air.local" tests="2" failures="0" errors="0" skipped="0" time="0.083318208">
        <testcase classname="test/app.test.ts" name="Fastify app &gt; GET /health returns ok status" time="0.081056625">
        </testcase>
        <testcase classname="test/app.test.ts" name="Fastify app &gt; GET / returns app message and version" time="0.001375333">
        </testcase>
    </testsuite>
</testsuites>
